2015-06-25T17:21:23.731-0700: 6.328: [GC [1 CMS-initial-mark: 0K(963392K)] 39661K(1040064K), 0.0147419 secs] [Times: user=0.03 sys=0.01, real=0.01 secs] 
2015-06-25T17:21:23.746-0700: 6.342: [CMS-concurrent-mark-start]
2015-06-25T17:21:23.790-0700: 6.386: [CMS-concurrent-mark: 0.043/0.044 secs] [Times: user=0.07 sys=0.01, real=0.05 secs] 
2015-06-25T17:21:23.790-0700: 6.386: [CMS-concurrent-preclean-start]
2015-06-25T17:21:23.823-0700: 6.419: [CMS-concurrent-preclean: 0.029/0.033 secs] [Times: user=0.06 sys=0.01, real=0.03 secs] 
2015-06-25T17:21:23.823-0700: 6.419: [CMS-concurrent-abortable-preclean-start]
 CMS: abort preclean due to time 2015-06-25T17:21:28.859-0700: 11.456: [CMS-concurrent-abortable-preclean: 0.183/5.036 secs] [Times: user=0.67 sys=0.05, real=5.03 secs] 
2015-06-25T17:21:28.860-0700: 11.456: [GC[YG occupancy: 62994 K (76672 K)]2015-06-25T17:21:28.860-0700: 11.456: [GC 2015-06-25T17:21:28.860-0700: 11.456: [ParNew: 62994K->1318K(76672K), 0.0123456 secs] 62994K->1318K(1040064K), 0.0124533 secs] [Times: user=0.03 sys=0.00, real=0.01 secs] 
2015-06-25T17:21:28.872-0700: 11.468: [Rescan (parallel) , 0.0093266 secs]2015-06-25T17:21:28.881-0700: 11.478: [weak refs processing, 0.0000303 secs]2015-06-25T17:21:28.882-0700: 11.478: [class unloading, 0.0015614 secs]2015-06-25T17:21:28.883-0700: 11.479: [scrub symbol & string tables, 0.0020782 secs] [1 CMS-remark: 0K(963392K)] 1318K(1040064K), 0.0257729 secs] [Times: user=0.06 sys=0.00, real=0.02 secs] 
2015-06-25T17:21:28.885-0700: 11.482: [CMS-concurrent-sweep-start]
2015-06-25T17:21:28.895-0700: 11.491: [CMS-concurrent-sweep: 0.007/0.009 secs] [Times: user=0.02 sys=0.00, real=0.01 secs] 
2015-06-25T17:21:28.895-0700: 11.491: [CMS-concurrent-reset-start]
2015-06-25T17:21:28.899-0700: 11.495: [CMS-concurrent-reset: 0.004/0.004 secs] [Times: user=0.00 sys=0.00, real=0.00 secs] 
2015-06-26T12:23:31.790-0700: 977.816: [GC 2015-06-26T12:23:31.872-0700: 977.898: [ParNew: 69478K->2228K(76672K), 0.0124124 secs] 69478K->2228K(1040064K), 0.0946724 secs] [Times: user=0.02 sys=0.00, real=0.09 secs] 
2015-06-26T12:23:34.415-0700: 980.441: [GC 2015-06-26T12:23:34.415-0700: 980.441: [ParNew: 70388K->2260K(76672K), 0.0087651 secs] 70388K->2260K(1040064K), 0.0088998 secs] [Times: user=0.02 sys=0.00, real=0.01 secs] 
2015-06-26T12:23:38.012-0700: 984.037: [GC 2015-06-26T12:23:38.012-0700: 984.037: [ParNew: 70420K->2137K(76672K), 0.0081394 secs] 70420K->2137K(1040064K), 0.0082818 secs] [Times: user=0.01 sys=0.00, real=0.01 secs] 
2015-06-26T12:23:41.799-0700: 987.824: [GC 2015-06-26T12:23:41.799-0700: 987.824: [ParNew: 70297K->1445K(76672K), 0.0139066 secs] 70297K->2546K(1040064K), 0.0140583 secs] [Times: user=0.03 sys=0.01, real=0.02 secs] 
2015-06-26T12:23:59.068-0700: 1005.093: [GC 2015-06-26T12:23:59.104-0700: 1005.129: [ParNew: 69605K->564K(76672K), 0.0182205 secs] 70706K->1918K(1040064K), 0.0544947 secs] [Times: user=0.01 sys=0.01, real=0.06 secs] 
2015-06-26T12:24:02.506-0700: 1008.531: [GC 2015-06-26T12:24:02.507-0700: 1008.531: [ParNew: 68724K->292K(76672K), 0.0030883 secs] 70078K->1647K(1040064K), 0.0032070 secs] [Times: user=0.00 sys=0.00, real=0.01 secs] 
2015-06-26T12:24:14.466-0700: 1020.490: [GC 2015-06-26T12:24:14.478-0700: 1020.503: [ParNew: 68452K->263K(76672K), 0.0028449 secs] 69807K->1618K(1040064K), 0.0151516 secs] [Times: user=0.00 sys=0.01, real=0.02 secs] 
2015-06-26T12:24:15.790-0700: 1021.815: [GC 2015-06-26T12:24:15.790-0700: 1021.815: [ParNew: 68423K->296K(76672K), 0.0036884 secs] 69778K->1651K(1040064K), 0.0038155 secs]